2025-07-27 18:15:21,343 - INFO - Loading PDF started.
2025-07-27 18:15:21,358 - INFO - Reading PDF file: C:/Users/nandu/OneDrive/Documents/AI – Voice Bot.pdf
2025-07-27 18:18:20,577 - INFO - Loading PDF started.
2025-07-27 18:18:20,603 - INFO - Reading PDF file: C:/Users/nandu/OneDrive/Documents/AI – Voice Bot.pdf
2025-07-27 18:18:20,756 - INFO - PDF file C:/Users/nandu/OneDrive/Documents/AI – Voice Bot.pdf read successfully.
2025-07-27 18:18:20,756 - INFO - Loading PDF data done.
2025-07-27 18:25:05,675 - INFO - Loading PDF started.
2025-07-27 18:25:05,691 - INFO - Reading PDF file: C:/Users/nandu/OneDrive/Documents/AI – Voice Bot.pdf
2025-07-27 18:25:05,856 - INFO - PDF file C:/Users/nandu/OneDrive/Documents/AI – Voice Bot.pdf read successfully.
2025-07-27 18:25:05,856 - INFO - Loading PDF data done.
2025-07-27 18:29:06,255 - INFO - Loading PDF started.
2025-07-27 18:29:06,286 - INFO - Reading PDF file: C:/Users/nandu/OneDrive/Documents/AI – Voice Bot.pdf
2025-07-27 18:29:06,462 - INFO - PDF file C:/Users/nandu/OneDrive/Documents/AI – Voice Bot.pdf read successfully.
2025-07-27 18:29:06,468 - INFO - Loading PDF data done.
2025-07-27 22:16:14,145 - INFO - Loading PDF started.
2025-07-27 22:16:14,171 - INFO - Reading PDF file: C:/Users/nandu/OneDrive/Documents/AI – Voice Bot.pdf
2025-07-27 22:16:14,451 - INFO - PDF file C:/Users/nandu/OneDrive/Documents/AI – Voice Bot.pdf read successfully.
2025-07-27 22:16:14,453 - INFO - Loading PDF data done.
2025-07-27 22:25:49,031 - INFO - Loading PDF started.
2025-07-27 22:25:49,094 - INFO - Reading PDF file: C:/Users/nandu/OneDrive/Documents/AI – Voice Bot.pdf
2025-07-27 22:25:49,381 - INFO - PDF file C:/Users/nandu/OneDrive/Documents/AI – Voice Bot.pdf read successfully.
2025-07-27 22:25:49,382 - INFO - Loading PDF data done.
2025-07-27 22:32:34,672 - INFO - Loading PDF started.
2025-07-27 22:32:34,688 - INFO - Reading PDF file: C:/Users/nandu/OneDrive/Documents/AI – Voice Bot.pdf
2025-07-27 22:34:21,519 - INFO - Loading PDF started.
2025-07-27 22:34:21,552 - INFO - Reading PDF file: C:/Users/nandu/OneDrive/Documents/AI – Voice Bot.pdf
2025-07-27 22:34:21,755 - INFO - PDF file C:/Users/nandu/OneDrive/Documents/AI – Voice Bot.pdf read successfully.
2025-07-27 22:34:21,755 - INFO - Loading PDF data done.
2025-07-27 22:35:55,430 - INFO - Loading PDF started.
2025-07-27 22:35:55,463 - INFO - Reading PDF file: C:/Users/nandu/OneDrive/Documents/AI – Voice Bot.pdf
2025-07-27 22:35:55,636 - INFO - PDF file C:/Users/nandu/OneDrive/Documents/AI – Voice Bot.pdf read successfully.
2025-07-27 22:35:55,636 - INFO - Loading PDF data done.
2025-07-27 22:47:17,041 - INFO - Loading PDF started.
2025-07-27 22:47:17,075 - INFO - Reading PDF file: C:/Users/nandu/OneDrive/Documents/AI – Voice Bot.pdf
2025-07-27 22:47:17,286 - INFO - PDF file C:/Users/nandu/OneDrive/Documents/AI – Voice Bot.pdf read successfully.
2025-07-27 22:47:17,286 - INFO - Loading PDF data done.
2025-07-27 22:52:12,178 - INFO - Loading PDF started.
2025-07-27 22:52:12,203 - INFO - Reading PDF file: C:/Users/nandu/OneDrive/Documents/AI – Voice Bot.pdf
2025-07-27 22:52:12,406 - INFO - PDF file C:/Users/nandu/OneDrive/Documents/AI – Voice Bot.pdf read successfully.
2025-07-27 22:52:12,410 - INFO - Loading PDF data done.
2025-07-27 23:02:06,374 - INFO - Loading PDF started.
2025-07-27 23:02:06,414 - INFO - Reading PDF file: C:/Users/nandu/OneDrive/Documents/AI – Voice Bot.pdf
2025-07-27 23:02:06,654 - INFO - PDF file C:/Users/nandu/OneDrive/Documents/AI – Voice Bot.pdf read successfully.
2025-07-27 23:02:06,655 - INFO - Loading PDF data done.
2025-07-28 08:03:57,290 - INFO - Loading PDF started.
2025-07-28 08:03:57,308 - INFO - Reading PDF file: C:/Users/nandu/OneDrive/Documents/kupmanduk-pitch.pptx
2025-07-28 08:03:57,355 - INFO - PDF file C:/Users/nandu/OneDrive/Documents/kupmanduk-pitch.pptx read successfully.
2025-07-28 08:03:57,362 - INFO - Loading PDF data done.
2025-07-28 08:08:52,102 - INFO - Loading PDF started.
2025-07-28 08:08:52,136 - INFO - Reading PDF file: C:/Users/nandu/OneDrive/Documents/genAI-circuits.pdf
2025-07-28 08:08:52,248 - INFO - PDF file C:/Users/nandu/OneDrive/Documents/genAI-circuits.pdf read successfully.
2025-07-28 08:08:52,248 - INFO - Loading PDF data done.
